// Jest Snapshot v1, https://goo.gl/fbAQLP

exports[`NavDropdown component should render NavDropdown component correctly 1`] = `
<div
  className="nav-mobile"
>
  <div
    className="close"
  >
    <svg
      className="closeSvg"
      onClick={[Function]}
    >
      close.svg
    </svg>
  </div>
  <div
    className="links"
  >
    <div>
      <a
        href="/"
        onClick={[Function]}
      >
        Home
      </a>
      <a
        href="/shop"
        onClick={[Function]}
      >
        Shop
      </a>
      <a
        href="/cart"
        onClick={[Function]}
      >
        Cart
      </a>
      <a
        href="/about"
        onClick={[Function]}
      >
        About Us
      </a>
      <a
        href="/contact"
        onClick={[Function]}
      >
        Contact Us
      </a>
    </div>
    <div
      className="button"
    >
      <button
        className="custom-button sign-in-with-Google"
      >
        Sign in with Google
      </button>
    </div>
  </div>
</div>
`;
