// Jest Snapshot v1, https://goo.gl/fbAQLP

exports[`Header component should render Header component 1`] = `
<div
  className="Header"
>
  <div
    className="top-nav"
  >
    <div
      className="social"
    >
      <svg>
        user-alt-solid.svg
      </svg>
      <svg>
        facebook-square-brands.svg
      </svg>
      <svg>
        instagram-brands.svg
      </svg>
    </div>
    <div
      className="logo"
    >
      <div>
        <span>
          Swayzer's
        </span>
        <a
          href="/"
          onClick={[Function]}
        >
          <svg>
            logo.svg
          </svg>
        </a>
        <span>
          Sweets
        </span>
      </div>
      <span
        className="logo-text"
      >
        Specialty Cakes and Cookies
      </span>
    </div>
    <div
      className="cart-order"
    >
      <button
        className="custom-button "
      >
        Order Online
      </button>
      <svg>
        shopping-cart-solid.svg
      </svg>
    </div>
  </div>
  <nav>
    <div
      className="mobile-logo"
    >
      <svg>
        logo.svg
      </svg>
      <div
        className="logo-details"
      >
        <span>
          Swayzer's Sweets
        </span>
        <span
          className="logo-text"
        >
          Specialty Cakes and Cookies
        </span>
      </div>
      <svg
        className="bars"
        onClick={[Function]}
      >
        bars-solid.svg
      </svg>
    </div>
    <div
      className="nav-links"
    >
      <a
        href="/"
        onClick={[Function]}
      >
        Home
      </a>
      <a
        href="/about"
        onClick={[Function]}
      >
        About Us
      </a>
      <a
        href="/shop"
        onClick={[Function]}
      >
        Shop
      </a>
      <a
        href="/contact"
        onClick={[Function]}
      >
        Contact Us
      </a>
    </div>
  </nav>
  <div
    className="nav-mobile"
  >
    <div
      className="close"
    >
      <svg
        className="closeSvg"
        onClick={[Function]}
      >
        close.svg
      </svg>
    </div>
    <div
      className="links"
    >
      <div>
        <a
          href="/"
          onClick={[Function]}
        >
          Home
        </a>
        <a
          href="/shop"
          onClick={[Function]}
        >
          Shop
        </a>
        <a
          href="/cart"
          onClick={[Function]}
        >
          Cart
        </a>
        <a
          href="/about"
          onClick={[Function]}
        >
          About Us
        </a>
        <a
          href="/contact"
          onClick={[Function]}
        >
          Contact Us
        </a>
      </div>
      <div
        className="button"
      >
        <button
          className="custom-button sign-in-with-Google"
        >
          Sign in with Google
        </button>
      </div>
    </div>
  </div>
</div>
`;
